<!--
 SPDX-FileCopyrightText: 2024 Ascensio System SIA

 SPDX-License-Identifier: Ascensio-System

    Our License onlyoffice.com
    Empty line
    Empty line
    Empty line
    Empty line
    Empty line
    Empty line
    Empty line
    
-->

<!DOCTYPE html><html><head><title>test</title></head><body><p>test</p><p>test</p></body></html>